

==================================================================================
=== CALIBRE::ERC-H SUMMARY REPORT
===
Execution Date/Time:          Tue Dec 16 23:05:24 2014
Calibre Version:              v2011.1_15.11    Thu Feb 10 17:13:25 PST 2011
Rule File Pathname:           /home/training/ALU_CL/layout/_Calibre035LVS.rul_
Rule File Title:              
Layout System:                GDSII
Layout Path(s):               ALU.calibre.db
Layout Primary Cell:          ALU
Current Directory:            /home/training/ALU_CL/layout
User Name:                    training
Maximum Results/ERC Check:    1000
Maximum ERC Result Vertices:  4096
ERC Results Database:         ALU.erc.results (ASCII)
ERC PATHCHK Results Database: svdb/ALU.pathchk.erc
ERC PATHCHK Report:           svdb/ALU.pathchk.rep
Layout Depth:                 ALL
Text Depth:                   PRIMARY
Summary Report File:          ALU.erc.summary (REPLACE)
Geometry Flagging:            ACUTE = NO  SKEW = NO  ANGLED = NO  OFFGRID = NO
                              NONSIMPLE POLYGON = NO  NONSIMPLE PATH = NO
Excluded Cells:              
CheckText Mapping:            COMMENT TEXT + RULE FILE INFORMATION
Layers:                       MEMORY-BASED
Keep Empty Checks:            YES
----------------------------------------------------------------------------------
--- RUNTIME WARNINGS
---
There is no data for layout net name ?VSS?.
There is no data for layout net name ?VCC?.
----------------------------------------------------------------------------------
--- ORIGINAL LAYER STATISTICS
---
LAYER M1RES ......... TOTAL Original Geometry Count = 0   (0)
LAYER M1SLOT ........ TOTAL Original Geometry Count = 0   (0)
LAYER DM1 ........... TOTAL Original Geometry Count = 0   (0)
LAYER M1L ........... TOTAL Original Geometry Count = 212 (732)
LAYER RESDEF ........ TOTAL Original Geometry Count = 0   (0)
LAYER OD ............ TOTAL Original Geometry Count = 58  (216)
LAYER ANALOG_PSUB ... TOTAL Original Geometry Count = 0   (0)
LAYER NWEL .......... TOTAL Original Geometry Count = 29  (96)
LAYER PP ............ TOTAL Original Geometry Count = 30  (100)
LAYER NP ............ TOTAL Original Geometry Count = 30  (100)
LAYER SRES .......... TOTAL Original Geometry Count = 0   (0)
LAYER PO2 ........... TOTAL Original Geometry Count = 78  (297)
LAYER CAP ........... TOTAL Original Geometry Count = 0   (0)
LAYER CAPOLY ........ TOTAL Original Geometry Count = 0   (0)
LAYER CO ............ TOTAL Original Geometry Count = 142 (529)
LAYER PO ............ TOTAL Original Geometry Count = 0   (0)
LAYER HRES .......... TOTAL Original Geometry Count = 0   (0)
LAYER NPNID ......... TOTAL Original Geometry Count = 0   (0)
LAYER DIODID ........ TOTAL Original Geometry Count = 0   (0)
LAYER M2SLOT ........ TOTAL Original Geometry Count = 0   (0)
LAYER DM2 ........... TOTAL Original Geometry Count = 0   (0)
LAYER M2L ........... TOTAL Original Geometry Count = 84  (122)
LAYER M2RES ......... TOTAL Original Geometry Count = 0   (0)
LAYER M3SLOT ........ TOTAL Original Geometry Count = 0   (0)
LAYER DM3 ........... TOTAL Original Geometry Count = 0   (0)
LAYER M3L ........... TOTAL Original Geometry Count = 11  (11)
LAYER MOPT .......... TOTAL Original Geometry Count = 0   (0)
LAYER M3RES ......... TOTAL Original Geometry Count = 0   (0)
LAYER PNPID ......... TOTAL Original Geometry Count = 0   (0)
LAYER PSUB2 ......... TOTAL Original Geometry Count = 0   (0)
LAYER VIA1 .......... TOTAL Original Geometry Count = 17  (55)
LAYER VIA2 .......... TOTAL Original Geometry Count = 7   (7)
----------------------------------------------------------------------------------
--- RULECHECK RESULTS STATISTICS
---
RULECHECK ERC_Nwell_no_Ntap ... TOTAL Result Count = 0 (0)
RULECHECK ERC_PWtap ........... TOTAL Result Count = 0 (0)
RULECHECK ERC_NWtap ........... TOTAL Result Count = 0 (0)
----------------------------------------------------------------------------------
--- ERC RULECHECK RESULTS STATISTICS (BY CELL)
---
----------------------------------------------------------------------------------
--- ERC PATHCHK RESULTS STATISTICS
---
  PATHCHK GROUND && ! POWER:
  PATHCHK POWER && ! GROUND:
  PATHCHK ! POWER && ! GROUND:
    TOTAL POLYGON Results: 205
    TOTAL NET Results:     43
----------------------------------------------------------------------------------
--- SUMMARY
---
TOTAL CPU Time:                              0
TOTAL REAL Time:                             0
TOTAL Original Layer Geometries:             698 (2265)
TOTAL ERC RuleChecks Executed:               3
TOTAL ERC RuleCheck Results Generated:       0 (0)
TOTAL ERC PATHCHK Operations Executed:       3
TOTAL ERC PATHCHK POLYGON Results Generated: 205 (324)
TOTAL ERC PATHCHK NET Results Generated:     43
