

==================================================================================
=== CALIBRE::DRC-H SUMMARY REPORT
===
Execution Date/Time:       Wed Dec  3 00:20:01 2014
Calibre Version:           v2011.1_15.11    Thu Feb 10 17:13:25 PST 2011
Rule File Pathname:        /home/training/ALU_CL/layout/_Calibre035DRC.rul_
Rule File Title:           
Layout System:             GDS
Layout Path(s):            LE.calibre.db
Layout Primary Cell:       LE
Current Directory:         /home/training/ALU_CL/layout
User Name:                 training
Maximum Results/RuleCheck: 1000
Maximum Result Vertices:   4096
DRC Results Database:      LE.drc.results (ASCII)
Layout Depth:              ALL
Text Depth:                ALL
Summary Report File:       LE.drc.summary (REPLACE)
Geometry Flagging:         ACUTE = YES  SKEW = YES  ANGLED = YES  OFFGRID = YES
                           NONSIMPLE POLYGON = YES  NONSIMPLE PATH = NO
Excluded Cells:           
CheckText Mapping:         COMMENT TEXT + RULE FILE INFORMATION
Layers:                    MEMORY-BASED
Keep Empty Checks:         YES
----------------------------------------------------------------------------------
--- RUNTIME WARNINGS
---
Layer 3 contains unmapped objects and is the source layer of LAYER MAP == 3 DATATYPE == 8.
Layer 13 contains unmapped objects and is the source layer of LAYER MAP == 13 DATATYPE == 8.
Layer 16 contains unmapped objects and is the source layer of LAYER MAP == 16 DATATYPE == 7.
Layer 16 contains unmapped objects and is the source layer of LAYER MAP == 16 DATATYPE == 8.
Layer 18 contains unmapped objects and is the source layer of LAYER MAP == 18 DATATYPE == 7.
Layer 18 contains unmapped objects and is the source layer of LAYER MAP == 18 DATATYPE == 8.
----------------------------------------------------------------------------------
--- ORIGINAL LAYER STATISTICS
---
LAYER M1SLOTi ... TOTAL Original Geometry Count = 0   (0)
LAYER DM1i ...... TOTAL Original Geometry Count = 0   (0)
LAYER M1i ....... TOTAL Original Geometry Count = 109 (252)
LAYER M2SLOTi ... TOTAL Original Geometry Count = 0   (0)
LAYER DM2i ...... TOTAL Original Geometry Count = 0   (0)
LAYER M2i ....... TOTAL Original Geometry Count = 27  (35)
LAYER M3SLOTi ... TOTAL Original Geometry Count = 0   (0)
LAYER DM3i ...... TOTAL Original Geometry Count = 0   (0)
LAYER M3i ....... TOTAL Original Geometry Count = 0   (0)
LAYER DPO2i ..... TOTAL Original Geometry Count = 0   (0)
LAYER PO2i ...... TOTAL Original Geometry Count = 45  (114)
LAYER DODi ...... TOTAL Original Geometry Count = 0   (0)
LAYER ODi ....... TOTAL Original Geometry Count = 14  (74)
LAYER EXCL ...... TOTAL Original Geometry Count = 0   (0)
LAYER NWELi ..... TOTAL Original Geometry Count = 5   (31)
LAYER HTWLi ..... TOTAL Original Geometry Count = 0   (0)
LAYER POi ....... TOTAL Original Geometry Count = 0   (0)
LAYER PPi ....... TOTAL Original Geometry Count = 6   (34)
LAYER NPi ....... TOTAL Original Geometry Count = 6   (34)
LAYER COi ....... TOTAL Original Geometry Count = 45  (180)
LAYER VIA1i ..... TOTAL Original Geometry Count = 12  (20)
LAYER VIA2i ..... TOTAL Original Geometry Count = 0   (0)
LAYER CBi ....... TOTAL Original Geometry Count = 0   (0)
LAYER ESDi ...... TOTAL Original Geometry Count = 0   (0)
LAYER HRESi ..... TOTAL Original Geometry Count = 0   (0)
LAYER SDIi ...... TOTAL Original Geometry Count = 0   (0)
LAYER SDI2i ..... TOTAL Original Geometry Count = 0   (0)
LAYER PSUBi ..... TOTAL Original Geometry Count = 0   (0)
LAYER PLDMYi .... TOTAL Original Geometry Count = 0   (0)
LAYER RESDEFi ... TOTAL Original Geometry Count = 0   (0)
LAYER CAAPi ..... TOTAL Original Geometry Count = 0   (0)
LAYER CAPOLYi ... TOTAL Original Geometry Count = 0   (0)
----------------------------------------------------------------------------------
--- RULECHECK RESULTS STATISTICS
---
RULECHECK NW.W.1 ............ TOTAL Result Count = 0 (0)
RULECHECK NW.W.2 ............ TOTAL Result Count = 0 (0)
RULECHECK NW.S.1 ............ TOTAL Result Count = 0 (0)
RULECHECK NW.S.2 ............ TOTAL Result Count = 0 (0)
RULECHECK OD.W.1 ............ TOTAL Result Count = 0 (0)
RULECHECK OD.W.2 ............ TOTAL Result Count = 0 (0)
RULECHECK OD.S.1 ............ TOTAL Result Count = 0 (0)
RULECHECK OD.C.1 ............ TOTAL Result Count = 0 (0)
RULECHECK OD.C.2 ............ TOTAL Result Count = 0 (0)
RULECHECK OD.C.3 ............ TOTAL Result Count = 0 (0)
RULECHECK OD.C.4 ............ TOTAL Result Count = 0 (0)
RULECHECK OD.C.5 ............ TOTAL Result Count = 0 (0)
RULECHECK OD.C.6A ........... TOTAL Result Count = 0 (0)
RULECHECK OD.C.6B ........... TOTAL Result Count = 0 (0)
RULECHECK OD.S.2 ............ TOTAL Result Count = 0 (0)
RULECHECK PO2.W.1_2_3 ....... TOTAL Result Count = 0 (0)
RULECHECK PO2.S.1 ........... TOTAL Result Count = 0 (0)
RULECHECK PO2.C.1 ........... TOTAL Result Count = 0 (0)
RULECHECK PO2.C.2 ........... TOTAL Result Count = 0 (0)
RULECHECK PO2.O.1 ........... TOTAL Result Count = 0 (0)
RULECHECK PO2.R.1 ........... TOTAL Result Count = 0 (0)
RULECHECK INFO_PO2 .......... TOTAL Result Count = 0 (0)
RULECHECK NP.W.1 ............ TOTAL Result Count = 0 (0)
RULECHECK NP.S.1 ............ TOTAL Result Count = 0 (0)
RULECHECK NP.C.1 ............ TOTAL Result Count = 0 (0)
RULECHECK NP.C.2 ............ TOTAL Result Count = 0 (0)
RULECHECK NP.C.3 ............ TOTAL Result Count = 0 (0)
RULECHECK NP.C.4 ............ TOTAL Result Count = 0 (0)
RULECHECK NP.E.1 ............ TOTAL Result Count = 0 (0)
RULECHECK NP.C.6 ............ TOTAL Result Count = 0 (0)
RULECHECK PP.W.1 ............ TOTAL Result Count = 0 (0)
RULECHECK PP.S.1 ............ TOTAL Result Count = 0 (0)
RULECHECK PP.C.1 ............ TOTAL Result Count = 0 (0)
RULECHECK PP.C.3 ............ TOTAL Result Count = 0 (0)
RULECHECK PP.O.1 ............ TOTAL Result Count = 0 (0)
RULECHECK PP.E.1 ............ TOTAL Result Count = 0 (0)
RULECHECK PP.C.5 ............ TOTAL Result Count = 0 (0)
RULECHECK PP.C.6 ............ TOTAL Result Count = 0 (0)
RULECHECK VIA1.W.1 .......... TOTAL Result Count = 0 (0)
RULECHECK VIA1.S.1 .......... TOTAL Result Count = 0 (0)
RULECHECK VIA1.E.1 .......... TOTAL Result Count = 0 (0)
RULECHECK VIA2.W.1 .......... TOTAL Result Count = 0 (0)
RULECHECK VIA2.S.1 .......... TOTAL Result Count = 0 (0)
RULECHECK VIA2.S.2 .......... TOTAL Result Count = 0 (0)
RULECHECK VIA2.E.1 .......... TOTAL Result Count = 0 (0)
RULECHECK VIA2.C.2 .......... TOTAL Result Count = 0 (0)
RULECHECK M1.W.1 ............ TOTAL Result Count = 0 (0)
RULECHECK M1.S.1 ............ TOTAL Result Count = 0 (0)
RULECHECK M1.S.2A_2B ........ TOTAL Result Count = 0 (0)
RULECHECK M1.E.1 ............ TOTAL Result Count = 0 (0)
RULECHECK INFO_M1 ........... TOTAL Result Count = 0 (0)
RULECHECK CO.W.1 ............ TOTAL Result Count = 0 (0)
RULECHECK CO.S.1 ............ TOTAL Result Count = 0 (0)
RULECHECK CO.C.1 ............ TOTAL Result Count = 0 (0)
RULECHECK CO.C.2 ............ TOTAL Result Count = 0 (0)
RULECHECK CO.E.1 ............ TOTAL Result Count = 0 (0)
RULECHECK CO.E.2 ............ TOTAL Result Count = 0 (0)
RULECHECK CO.E.3 ............ TOTAL Result Count = 0 (0)
RULECHECK CO.E.4 ............ TOTAL Result Count = 0 (0)
RULECHECK CO.R.1 ............ TOTAL Result Count = 0 (0)
RULECHECK M2.W.1 ............ TOTAL Result Count = 0 (0)
RULECHECK M2.S.1 ............ TOTAL Result Count = 0 (0)
RULECHECK M2.E.1 ............ TOTAL Result Count = 0 (0)
RULECHECK M2.S.2A_B ......... TOTAL Result Count = 0 (0)
RULECHECK INFO_M2 ........... TOTAL Result Count = 0 (0)
RULECHECK M3.W.1 ............ TOTAL Result Count = 0 (0)
RULECHECK M3.S.1 ............ TOTAL Result Count = 0 (0)
RULECHECK M3.E.1 ............ TOTAL Result Count = 0 (0)
RULECHECK M3.S.2A_B ......... TOTAL Result Count = 0 (0)
RULECHECK INFO_M3 ........... TOTAL Result Count = 0 (0)
RULECHECK CB.W.1 ............ TOTAL Result Count = 0 (0)
RULECHECK CB.S.1 ............ TOTAL Result Count = 0 (0)
RULECHECK CB.E.1 ............ TOTAL Result Count = 0 (0)
RULECHECK CB.E.2 ............ TOTAL Result Count = 0 (0)
RULECHECK CB.E.3 ............ TOTAL Result Count = 0 (0)
RULECHECK CB.E.4 ............ TOTAL Result Count = 0 (0)
RULECHECK CB.E.5 ............ TOTAL Result Count = 0 (0)
RULECHECK CB.E.6 ............ TOTAL Result Count = 0 (0)
RULECHECK CB.S.2 ............ TOTAL Result Count = 0 (0)
RULECHECK CB.S.3 ............ TOTAL Result Count = 0 (0)
RULECHECK CB.C.1 ............ TOTAL Result Count = 0 (0)
RULECHECK CB.R.2 ............ TOTAL Result Count = 0 (0)
RULECHECK CB.R.3 ............ TOTAL Result Count = 0 (0)
RULECHECK PO.W.1 ............ TOTAL Result Count = 0 (0)
RULECHECK PO.W.2 ............ TOTAL Result Count = 0 (0)
RULECHECK PO.W.3 ............ TOTAL Result Count = 0 (0)
RULECHECK PO.S.1 ............ TOTAL Result Count = 0 (0)
RULECHECK PO.S.2 ............ TOTAL Result Count = 0 (0)
RULECHECK PO.S.3 ............ TOTAL Result Count = 0 (0)
RULECHECK PO.C.1 ............ TOTAL Result Count = 0 (0)
RULECHECK PO.C.2 ............ TOTAL Result Count = 0 (0)
RULECHECK PO.C.3 ............ TOTAL Result Count = 0 (0)
RULECHECK PO.E.1 ............ TOTAL Result Count = 0 (0)
RULECHECK PO.E.2 ............ TOTAL Result Count = 0 (0)
RULECHECK PO.E.3 ............ TOTAL Result Count = 0 (0)
RULECHECK PO.R.1 ............ TOTAL Result Count = 0 (0)
RULECHECK INFO_PO ........... TOTAL Result Count = 0 (0)
RULECHECK HR.W.1 ............ TOTAL Result Count = 0 (0)
RULECHECK HR.S.1 ............ TOTAL Result Count = 0 (0)
RULECHECK HR.R.1 ............ TOTAL Result Count = 0 (0)
RULECHECK HR.R.2 ............ TOTAL Result Count = 0 (0)
RULECHECK HR.R.3 ............ TOTAL Result Count = 0 (0)
RULECHECK HR.E.1 ............ TOTAL Result Count = 0 (0)
RULECHECK HR.S.2 ............ TOTAL Result Count = 0 (0)
RULECHECK HR.S.3 ............ TOTAL Result Count = 0 (0)
RULECHECK HR.S.4 ............ TOTAL Result Count = 0 (0)
RULECHECK OFFGRID_NWEL ...... TOTAL Result Count = 0 (0)
RULECHECK OFFGRID_OD ........ TOTAL Result Count = 0 (0)
RULECHECK OFFGRID_PO2 ....... TOTAL Result Count = 0 (0)
RULECHECK OFFGRID_PO ........ TOTAL Result Count = 0 (0)
RULECHECK OFFGRID_PP ........ TOTAL Result Count = 0 (0)
RULECHECK OFFGRID_NP ........ TOTAL Result Count = 0 (0)
RULECHECK OFFGRID_CO ........ TOTAL Result Count = 0 (0)
RULECHECK OFFGRID_M1 ........ TOTAL Result Count = 0 (0)
RULECHECK OFFGRID_M2 ........ TOTAL Result Count = 0 (0)
RULECHECK OFFGRID_M3 ........ TOTAL Result Count = 0 (0)
RULECHECK OFFGRID_VIA1 ...... TOTAL Result Count = 0 (0)
RULECHECK OFFGRID_VIA2 ...... TOTAL Result Count = 0 (0)
RULECHECK OFFGRID_CB ........ TOTAL Result Count = 0 (0)
RULECHECK OFFGRID_HRES ...... TOTAL Result Count = 0 (0)
RULECHECK OFFGRID_ESD ....... TOTAL Result Count = 0 (0)
RULECHECK OFFGRID_PSUB ...... TOTAL Result Count = 0 (0)
RULECHECK OFFGRID_M1SLOT .... TOTAL Result Count = 0 (0)
RULECHECK OFFGRID_M2SLOT .... TOTAL Result Count = 0 (0)
RULECHECK OFFGRID_M3SLOT .... TOTAL Result Count = 0 (0)
RULECHECK OFFGRID_PLDMY ..... TOTAL Result Count = 0 (0)
RULECHECK OFFGRID_SDI ....... TOTAL Result Count = 0 (0)
RULECHECK OFFGRID_SDI2 ...... TOTAL Result Count = 0 (0)
RULECHECK OFFGRID_RESDEF .... TOTAL Result Count = 0 (0)
RULECHECK OFFGRID_HTWL ...... TOTAL Result Count = 0 (0)
RULECHECK OFFGRID_CAP ....... TOTAL Result Count = 0 (0)
RULECHECK OFFGRID_CAPOPLY ... TOTAL Result Count = 0 (0)
RULECHECK PO2_DENSITY_14 .... TOTAL Result Count = 1 (1)
RULECHECK PO2_DENSITY_70 .... TOTAL Result Count = 0 (0)
RULECHECK M1_DENSITY_25 ..... TOTAL Result Count = 0 (0)
RULECHECK M1_DENSITY_50 ..... TOTAL Result Count = 0 (0)
RULECHECK M2_DENSITY_25 ..... TOTAL Result Count = 1 (1)
RULECHECK M2_DENSITY_50 ..... TOTAL Result Count = 0 (0)
RULECHECK M3_DENSITY_25 ..... TOTAL Result Count = 1 (1)
RULECHECK M3_DENSITY_50 ..... TOTAL Result Count = 0 (0)
RULECHECK LUP.1 ............. TOTAL Result Count = 0 (0)
RULECHECK LUP.2 ............. TOTAL Result Count = 0 (0)
RULECHECK LUP.3 ............. TOTAL Result Count = 0 (0)
RULECHECK LUP.4.Diffring .... TOTAL Result Count = 0 (0)
RULECHECK M1SLOT.W.1 ........ TOTAL Result Count = 0 (0)
RULECHECK M1SLOT.S.1 ........ TOTAL Result Count = 0 (0)
RULECHECK M1SLOT.E.1 ........ TOTAL Result Count = 0 (0)
RULECHECK M1SLOT.E.2 ........ TOTAL Result Count = 0 (0)
RULECHECK M1SLOT.A.1 ........ TOTAL Result Count = 0 (0)
RULECHECK AMS.1.M1 .......... TOTAL Result Count = 0 (0)
RULECHECK AMS.DN.M1 ......... TOTAL Result Count = 0 (0)
RULECHECK AM.W.3.M1 ......... TOTAL Result Count = 0 (0)
RULECHECK M2SLOT.W.1 ........ TOTAL Result Count = 0 (0)
RULECHECK M2SLOT.S.1 ........ TOTAL Result Count = 0 (0)
RULECHECK M2SLOT.E.1 ........ TOTAL Result Count = 0 (0)
RULECHECK M2SLOT.E.2 ........ TOTAL Result Count = 0 (0)
RULECHECK M2SLOT.A.1 ........ TOTAL Result Count = 0 (0)
RULECHECK AMS.1.M2 .......... TOTAL Result Count = 0 (0)
RULECHECK AMS.DN.M2 ......... TOTAL Result Count = 0 (0)
RULECHECK AM.W.3.M2 ......... TOTAL Result Count = 0 (0)
RULECHECK M3SLOT.W.1 ........ TOTAL Result Count = 0 (0)
RULECHECK M3SLOT.S.1 ........ TOTAL Result Count = 0 (0)
RULECHECK M3SLOT.E.1 ........ TOTAL Result Count = 0 (0)
RULECHECK M3SLOT.E.2 ........ TOTAL Result Count = 0 (0)
RULECHECK M3SLOT.A.1 ........ TOTAL Result Count = 0 (0)
RULECHECK AMS.1.M3 .......... TOTAL Result Count = 0 (0)
RULECHECK AMS.DN.M3 ......... TOTAL Result Count = 0 (0)
RULECHECK AM.W.3.M3 ......... TOTAL Result Count = 0 (0)
RULECHECK ESD.W.1 ........... TOTAL Result Count = 0 (0)
RULECHECK ESD.S.1 ........... TOTAL Result Count = 0 (0)
RULECHECK ESD.S.2 ........... TOTAL Result Count = 0 (0)
RULECHECK ESD.C.1 ........... TOTAL Result Count = 0 (0)
RULECHECK ESD.C.2 ........... TOTAL Result Count = 0 (0)
RULECHECK ESD.C.3 ........... TOTAL Result Count = 0 (0)
RULECHECK ESD.C.4 ........... TOTAL Result Count = 0 (0)
RULECHECK ESD.O.1 ........... TOTAL Result Count = 0 (0)
RULECHECK ESD.C.5 ........... TOTAL Result Count = 0 (0)
RULECHECK ESD.E.1 ........... TOTAL Result Count = 0 (0)
RULECHECK ESD.1 ............. TOTAL Result Count = 0 (0)
RULECHECK ESD.2 ............. TOTAL Result Count = 0 (0)
RULECHECK ESD.3 ............. TOTAL Result Count = 0 (0)
RULECHECK ESD.4 ............. TOTAL Result Count = 0 (0)
RULECHECK ESD.5 ............. TOTAL Result Count = 0 (0)
RULECHECK ESD.6 ............. TOTAL Result Count = 0 (0)
RULECHECK ESD.7 ............. TOTAL Result Count = 0 (0)
RULECHECK ESD.8 ............. TOTAL Result Count = 0 (0)
RULECHECK ESD.9 ............. TOTAL Result Count = 0 (0)
RULECHECK ESD.10 ............ TOTAL Result Count = 0 (0)
RULECHECK SDI.1 ............. TOTAL Result Count = 0 (0)
RULECHECK SDI.2 ............. TOTAL Result Count = 0 (0)
RULECHECK SDI.3 ............. TOTAL Result Count = 0 (0)
RULECHECK SDI.4 ............. TOTAL Result Count = 0 (0)
RULECHECK PL_M1.W.1 ......... TOTAL Result Count = 0 (0)
RULECHECK PL_M1.S.1 ......... TOTAL Result Count = 0 (0)
RULECHECK PL_M2.W.1 ......... TOTAL Result Count = 0 (0)
RULECHECK PL_M2.S.1 ......... TOTAL Result Count = 0 (0)
RULECHECK PL_M3.W.1 ......... TOTAL Result Count = 0 (0)
RULECHECK PL_M3.S.1 ......... TOTAL Result Count = 0 (0)
RULECHECK INFO_PL_M1 ........ TOTAL Result Count = 0 (0)
RULECHECK INFO_PL_M2 ........ TOTAL Result Count = 0 (0)
RULECHECK INFO_PL_M3 ........ TOTAL Result Count = 0 (0)
RULECHECK ADP.R.0D .......... TOTAL Result Count = 0 (0)
RULECHECK ADP.S.1_CO ........ TOTAL Result Count = 0 (0)
RULECHECK ADP.S.1_V1 ........ TOTAL Result Count = 0 (0)
RULECHECK ADP.S.1_V2 ........ TOTAL Result Count = 0 (0)
RULECHECK ADP.C.1_CO_V1 ..... TOTAL Result Count = 0 (0)
RULECHECK ADP.C.1_V1_V2 ..... TOTAL Result Count = 0 (0)
RULECHECK ADP.E.1_CO_PO ..... TOTAL Result Count = 0 (0)
RULECHECK ADP.E.1_CO_M1 ..... TOTAL Result Count = 0 (0)
RULECHECK ADP.E.2_V1_M1 ..... TOTAL Result Count = 0 (0)
RULECHECK ADP.E.2_V1_M2 ..... TOTAL Result Count = 0 (0)
RULECHECK ADP.E.2_V2_M2 ..... TOTAL Result Count = 0 (0)
RULECHECK ADP.E.2_V2_M3 ..... TOTAL Result Count = 0 (0)
RULECHECK GATEN.W.1 ......... TOTAL Result Count = 0 (0)
RULECHECK GATEP.W.1 ......... TOTAL Result Count = 0 (0)
----------------------------------------------------------------------------------
--- RULECHECK RESULTS STATISTICS (BY CELL)
---
CELL LE ........................ TOTAL Result Count = 3 (3)
    RULECHECK PO2_DENSITY_14 ... TOTAL Result Count = 1 (1)
    RULECHECK M2_DENSITY_25 .... TOTAL Result Count = 1 (1)
    RULECHECK M3_DENSITY_25 .... TOTAL Result Count = 1 (1)
----------------------------------------------------------------------------------
--- SUMMARY
---
TOTAL CPU Time:                  0
TOTAL REAL Time:                 0
TOTAL Original Layer Geometries: 269 (774)
TOTAL DRC RuleChecks Executed:   215
TOTAL DRC Results Generated:     3 (3)
